// Jest Snapshot v1, https://goo.gl/fbAQLP

exports[`<SingleItem /> errors with a not found item 1`] = `
<p
  data-test="graphql-error"
>
  <strong
    style={
      Object {
        "marginRight": "1rem",
      }
    }
  >
    Shoot!
  </strong>
  Item Not Found!
</p>
`;

exports[`<SingleItem /> renders with proper data 1`] = `
<h4
  className="MuiTypography-root-128 MuiTypography-h4-143"
>
  Viewing 
  dogs are best
</h4>
`;

exports[`<SingleItem /> renders with proper data 2`] = `
<img
  alt="dogs are best"
  className="SingleItem-image-2"
  src="dog.jpg"
/>
`;

exports[`<SingleItem /> renders with proper data 3`] = `
<p>
  dogs
</p>
`;
